// Jest Snapshot v1, https://goo.gl/fbAQLP

exports[`Flights should match snapshot 1`] = `
<div>
  <div
    class="MuiPaper-root MuiPaper-elevation MuiPaper-rounded MuiPaper-elevation1 css-1v9y39d-MuiPaper-root"
  >
    <div
      class="flights-header"
    >
      <div
        class="flights-header_title"
      >
        <b>
          Flights
        </b>
      </div>
      <div
        class="flights-header_error"
      />
    </div>
    <div
      class="css-1lgskws-MuiStack-root"
    >
      <div
        class="flights-body"
      >
        <div
          class="MuiPaper-root MuiPaper-elevation MuiPaper-rounded MuiPaper-elevation1 css-poj73t-MuiPaper-root"
        >
          <span
            class="flight-item"
          >
            <div>
              <b>
                AS1001
              </b>
            </div>
            <div
              class="card-body"
            >
              <div
                class="card-body_column"
              >
                <div>
                  LFSB
                </div>
                <div>
                  06:00
                </div>
              </div>
              <div
                class="card-body_column"
              >
                <div>
                  LFMN
                </div>
                <div>
                  07:15
                </div>
              </div>
            </div>
          </span>
        </div>
        <div
          class="MuiPaper-root MuiPaper-elevation MuiPaper-rounded MuiPaper-elevation1 css-poj73t-MuiPaper-root"
        >
          <span
            class="flight-item"
          >
            <div>
              <b>
                AS1002
              </b>
            </div>
            <div
              class="card-body"
            >
              <div
                class="card-body_column"
              >
                <div>
                  LFMN
                </div>
                <div>
                  07:45
                </div>
              </div>
              <div
                class="card-body_column"
              >
                <div>
                  LFSB
                </div>
                <div>
                  08:55
                </div>
              </div>
            </div>
          </span>
        </div>
        <div
          class="MuiPaper-root MuiPaper-elevation MuiPaper-rounded MuiPaper-elevation1 css-poj73t-MuiPaper-root"
        >
          <span
            class="flight-item"
          >
            <div>
              <b>
                AS1025
              </b>
            </div>
            <div
              class="card-body"
            >
              <div
                class="card-body_column"
              >
                <div>
                  LFSB
                </div>
                <div>
                  06:20
                </div>
              </div>
              <div
                class="card-body_column"
              >
                <div>
                  EDDH
                </div>
                <div>
                  07:50
                </div>
              </div>
            </div>
          </span>
        </div>
        <div
          class="MuiPaper-root MuiPaper-elevation MuiPaper-rounded MuiPaper-elevation1 css-poj73t-MuiPaper-root"
        >
          <span
            class="flight-item"
          >
            <div>
              <b>
                AS1026
              </b>
            </div>
            <div
              class="card-body"
            >
              <div
                class="card-body_column"
              >
                <div>
                  EDDH
                </div>
                <div>
                  08:20
                </div>
              </div>
              <div
                class="card-body_column"
              >
                <div>
                  LFSB
                </div>
                <div>
                  09:45
                </div>
              </div>
            </div>
          </span>
        </div>
      </div>
    </div>
  </div>
</div>
`;
